#
# There is insufficient memory for the Java Runtime Environment to continue.
# Native memory allocation (mmap) failed to map 65011712 bytes for G1 virtual space
# Possible reasons:
#   The system is out of physical RAM or swap space
#   The process is running with CompressedOops enabled, and the Java Heap may be blocking the growth of the native heap
# Possible solutions:
#   Reduce memory load on the system
#   Increase physical memory or swap space
#   Check if swap backing store is full
#   Decrease Java heap size (-Xmx/-Xms)
#   Decrease number of Java threads
#   Decrease Java thread stack sizes (-Xss)
#   Set larger code cache with -XX:ReservedCodeCacheSize=
#   JVM is running with Unscaled Compressed Oops mode in which the Java heap is
#     placed in the first 4GB address space. The Java Heap base address is the
#     maximum limit for the native heap growth. Please use -XX:HeapBaseMinAddress
#     to set the Java Heap base and to place the Java Heap above 4GB virtual address.
# This output file may be truncated or incomplete.
#
#  Out of Memory Error (os_windows.cpp:3604), pid=10952, tid=18156
#
# JRE version:  (21.0.11+9) (build )
# Java VM: Java HotSpot(TM) 64-Bit Server VM (21.0.11+9-LTS-211, mixed mode, sharing, tiered, compressed oops, compressed class ptrs, g1 gc, windows-amd64)
# No core dump will be written. Minidumps are not enabled by default on client versions of Windows
#

---------------  S U M M A R Y ------------

Command Line: --enable-native-access=ALL-UNNAMED 

Host: Intel(R) Core(TM) i3-10110U CPU @ 2.10GHz, 4 cores, 3G,  Windows 11 , 64 bit Build 26100 (10.0.26100.8328)
Time: Sat May 16 13:25:09 2026 Sri Lanka Standard Time elapsed time: 0.070584 seconds (0d 0h 0m 0s)

---------------  T H R E A D  ---------------

Current thread (0x000001bc48a10480):  JavaThread "Unknown thread" [_thread_in_vm, id=18156, stack(0x000000af1d600000,0x000000af1d700000) (1024K)]

Stack: [0x000000af1d600000,0x000000af1d700000]
Native frames: (J=compiled Java code, j=interpreted, Vv=VM code, C=native code)
V  [jvm.dll+0x6d0ef9]
V  [jvm.dll+0x860126]
V  [jvm.dll+0x86261e]
V  [jvm.dll+0x862cf3]
V  [jvm.dll+0x282bc6]
V  [jvm.dll+0x6cd7a5]
V  [jvm.dll+0x6c232a]
V  [jvm.dll+0x35bfb8]
V  [jvm.dll+0x363c76]
V  [jvm.dll+0x3b4d8e]
V  [jvm.dll+0x3b5038]
V  [jvm.dll+0x32fa6c]
V  [jvm.dll+0x3305c1]
V  [jvm.dll+0x82a10e]
V  [jvm.dll+0x3c1d21]
V  [jvm.dll+0x812fda]
V  [jvm.dll+0x454701]
V  [jvm.dll+0x456151]
C  [jli.dll+0x5310]
C  [ucrtbase.dll+0x37b0]
C  [KERNEL32.DLL+0x2e957]
C  [ntdll.dll+0x427c]


---------------  P R O C E S S  ---------------

Threads class SMR info:
_java_thread_list=0x00007ffd1bf29c88, length=0, elements={
}

Java Threads: ( => current thread )
Total: 0

Other Threads:
  0x000001bc4ad5cf70 WorkerThread "GC Thread#0"                     [id=6828, stack(0x000000af1d700000,0x000000af1d800000) (1024K)]
  0x000001bc4ad65ac0 ConcurrentGCThread "G1 Main Marker"            [id=15236, stack(0x000000af1d800000,0x000000af1d900000) (1024K)]
  0x000001bc4ad681a0 WorkerThread "G1 Conc#0"                       [id=6444, stack(0x000000af1d900000,0x000000af1da00000) (1024K)]

[error occurred during error reporting (printing all threads), id 0xc0000005, EXCEPTION_ACCESS_VIOLATION (0xc0000005) at pc=0x00007ffd1b6926f7]
VM state: not at safepoint (not fully initialized)

VM Mutex/Monitor currently owned by a thread:  ([mutex/lock_event])
[0x00007ffd1bf9b050] Heap_lock - owner thread: 0x000001bc48a10480

Heap address: 0x00000000c3000000, size: 976 MB, Compressed Oops mode: 32-bit

CDS archive(s) mapped at: [0x0000000000000000-0x0000000000000000-0x0000000000000000), size 0, SharedBaseAddress: 0x0000000800000000, ArchiveRelocationMode: 1.
Narrow klass base: 0x0000000000000000, Narrow klass shift: 0, Narrow klass range: 0x0

GC Precious Log:
 CardTable entry size: 512
 Card Set container configuration: InlinePtr #cards 5 size 8 Array Of Cards #cards 12 size 40 Howl #buckets 4 coarsen threshold 1843 Howl Bitmap #cards 512 size 80 coarsen threshold 460 Card regions per heap region 1 cards per card region 2048

Heap:
 garbage-first heap   total 0K, used 0K [0x00000000c3000000, 0x0000000100000000)
  region size 1024K, 0 young (0K), 0 survivors (0K)

[error occurred during error reporting (printing heap information), id 0xc0000005, EXCEPTION_ACCESS_VIOLATION (0xc0000005) at pc=0x00007ffd1ba7afd9]
GC Heap History (0 events):
No events

Dll operation events (1 events):
Event: 0.024 Loaded shared library C:\Program Files\Java\jdk-21.0.11\bin\java.dll

Deoptimization events (0 events):
No events

Classes loaded (0 events):
No events

Classes unloaded (0 events):
No events

Classes redefined (0 events):
No events

Internal exceptions (0 events):
No events

ZGC Phase Switch (0 events):
No events

VM Operations (0 events):
No events

Events (0 events):
No events


Dynamic libraries:
0x00007ff7bee50000 - 0x00007ff7bee60000 	C:\Program Files\Java\jdk-21.0.11\bin\java.exe
0x00007ffd8aae0000 - 0x00007ffd8ad47000 	C:\WINDOWS\SYSTEM32\ntdll.dll
0x00007ffd8a420000 - 0x00007ffd8a4e9000 	C:\WINDOWS\System32\KERNEL32.DLL
0x00007ffd88310000 - 0x00007ffd88707000 	C:\WINDOWS\System32\KERNELBASE.dll
0x00007ffd88710000 - 0x00007ffd8885b000 	C:\WINDOWS\System32\ucrtbase.dll
0x00007ffd82920000 - 0x00007ffd82939000 	C:\Program Files\Java\jdk-21.0.11\bin\jli.dll
0x00007ffd8a260000 - 0x00007ffd8a316000 	C:\WINDOWS\System32\ADVAPI32.dll
0x00007ffd84200000 - 0x00007ffd8421e000 	C:\Program Files\Java\jdk-21.0.11\bin\VCRUNTIME140.dll
0x00007ffd88c20000 - 0x00007ffd88cc9000 	C:\WINDOWS\System32\msvcrt.dll
0x00007ffd8a690000 - 0x00007ffd8a737000 	C:\WINDOWS\System32\sechost.dll
0x00007ffd8a140000 - 0x00007ffd8a258000 	C:\WINDOWS\System32\RPCRT4.dll
0x00007ffd88a50000 - 0x00007ffd88c16000 	C:\WINDOWS\System32\USER32.dll
0x00007ffd88230000 - 0x00007ffd88257000 	C:\WINDOWS\System32\win32u.dll
0x00007ffd8a810000 - 0x00007ffd8a83b000 	C:\WINDOWS\System32\GDI32.dll
0x00007ffd87510000 - 0x00007ffd8763c000 	C:\WINDOWS\System32\gdi32full.dll
0x00007ffd87f70000 - 0x00007ffd88013000 	C:\WINDOWS\System32\msvcp_win.dll
0x00007ffd7c490000 - 0x00007ffd7c49b000 	C:\WINDOWS\SYSTEM32\VERSION.dll
0x00007ffd72760000 - 0x00007ffd729f2000 	C:\WINDOWS\WinSxS\amd64_microsoft.windows.common-controls_6595b64144ccf1df_6.0.26100.8457_none_3e0b2faee331e92d\COMCTL32.dll
0x00007ffd892b0000 - 0x00007ffd892e2000 	C:\WINDOWS\System32\IMM32.DLL
0x00007ffd7bab0000 - 0x00007ffd7babc000 	C:\Program Files\Java\jdk-21.0.11\bin\vcruntime140_1.dll
0x00007ffd569e0000 - 0x00007ffd56a6d000 	C:\Program Files\Java\jdk-21.0.11\bin\msvcp140.dll
0x00007ffd1b350000 - 0x00007ffd1c078000 	C:\Program Files\Java\jdk-21.0.11\bin\server\jvm.dll
0x00007ffd88860000 - 0x00007ffd888e0000 	C:\WINDOWS\System32\WS2_32.dll
0x00007ffd87370000 - 0x00007ffd873ce000 	C:\WINDOWS\SYSTEM32\POWRPROF.dll
0x00007ffd68420000 - 0x00007ffd68456000 	C:\WINDOWS\SYSTEM32\WINMM.dll
0x00007ffd87350000 - 0x00007ffd87364000 	C:\WINDOWS\SYSTEM32\UMPDC.dll
0x00007ffd862a0000 - 0x00007ffd862bb000 	C:\WINDOWS\SYSTEM32\kernel.appcore.dll
0x00007ffd7baa0000 - 0x00007ffd7baaa000 	C:\Program Files\Java\jdk-21.0.11\bin\jimage.dll
0x00007ffd854e0000 - 0x00007ffd85722000 	C:\WINDOWS\SYSTEM32\DBGHELP.DLL
0x00007ffd88cd0000 - 0x00007ffd89053000 	C:\WINDOWS\System32\combase.dll
0x00007ffd8a9b0000 - 0x00007ffd8aa89000 	C:\WINDOWS\System32\OLEAUT32.dll
0x00007ffd67630000 - 0x00007ffd6766b000 	C:\WINDOWS\SYSTEM32\dbgcore.DLL
0x00007ffd88260000 - 0x00007ffd88308000 	C:\WINDOWS\System32\bcryptPrimitives.dll
0x00007ffd58750000 - 0x00007ffd58771000 	C:\Program Files\Java\jdk-21.0.11\bin\java.dll

dbghelp: loaded successfully - version: 4.0.5 - missing functions: none
symbol engine: initialized successfully - sym options: 0x614 - pdb path: .;C:\Program Files\Java\jdk-21.0.11\bin;C:\WINDOWS\SYSTEM32;C:\WINDOWS\WinSxS\amd64_microsoft.windows.common-controls_6595b64144ccf1df_6.0.26100.8457_none_3e0b2faee331e92d;C:\Program Files\Java\jdk-21.0.11\bin\server

VM Arguments:
jvm_args: --enable-native-access=ALL-UNNAMED 
java_command: <unknown>
java_class_path (initial): <not set>
Launcher Type: SUN_STANDARD

[Global flags]
     intx CICompilerCount                          = 3                                         {product} {ergonomic}
     uint ConcGCThreads                            = 1                                         {product} {ergonomic}
     uint G1ConcRefinementThreads                  = 4                                         {product} {ergonomic}
   size_t G1HeapRegionSize                         = 1048576                                   {product} {ergonomic}
    uintx GCDrainStackTargetSize                   = 64                                        {product} {ergonomic}
   size_t InitialHeapSize                          = 65011712                                  {product} {ergonomic}
   size_t MarkStackSize                            = 4194304                                   {product} {ergonomic}
   size_t MaxHeapSize                              = 1023410176                                {product} {ergonomic}
   size_t MinHeapDeltaBytes                        = 1048576                                   {product} {ergonomic}
   size_t MinHeapSize                              = 8388608                                   {product} {ergonomic}
    uintx NonNMethodCodeHeapSize                   = 5832780                                {pd product} {ergonomic}
    uintx NonProfiledCodeHeapSize                  = 122912730                              {pd product} {ergonomic}
    uintx ProfiledCodeHeapSize                     = 122912730                              {pd product} {ergonomic}
    uintx ReservedCodeCacheSize                    = 251658240                              {pd product} {ergonomic}
     bool SegmentedCodeCache                       = true                                      {product} {ergonomic}
   size_t SoftMaxHeapSize                          = 1023410176                             {manageable} {ergonomic}
     bool UseCompressedOops                        = true                           {product lp64_product} {ergonomic}
     bool UseG1GC                                  = true                                      {product} {ergonomic}
     bool UseLargePagesIndividualAllocation        = false                                  {pd product} {ergonomic}

Logging:
Log output configuration:
 #0: stdout all=warning uptime,level,tags foldmultilines=false
 #1: stderr all=off uptime,level,tags foldmultilines=false

Environment Variables:
PATH=C:\Users\Mr.Cherry\bin;C:\Program Files\Git\mingw64\bin;C:\Program Files\Git\usr\local\bin;C:\Program Files\Git\usr\bin;C:\Program Files\Git\usr\bin;C:\Program Files\Git\mingw64\bin;C:\Program Files\Git\usr\bin;C:\Users\Mr.Cherry\bin;C:\Users\Mr.Cherry\AppData\Local\Programs\Microsoft VS Code;C:\Program Files\Common Files\Oracle\Java\javapath;C:\Python314\Scripts;C:\Python314;C:\WINDOWS\system32;C:\WINDOWS;C:\WINDOWS\System32\Wbem;C:\WINDOWS\System32\WindowsPowerShell\v1.0;C:\WINDOWS\System32\OpenSSH;C:\Program Files\Git\cmd;C:\Program Files\nodejs;C:\ProgramData\chocolatey\bin;C:\Users\Mr.Cherry\AppData\Local\Microsoft\WindowsApps;C:\Users\Mr.Cherry\AppData\Local\Programs\Microsoft VS Code\bin;C:\Users\Mr.Cherry\AppData\Roaming\npm;C:\Program Files\Git\usr\bin\vendor_perl;C:\Program Files\Git\usr\bin\core_perl
USERNAME=Mr.Cherry
SHELL=C:\Program Files\Git\usr\bin\bash.exe
TERM=xterm-256color
OS=Windows_NT
PROCESSOR_IDENTIFIER=Intel64 Family 6 Model 142 Stepping 12, GenuineIntel
TMP=C:\Users\MRC396~1.CHE\AppData\Local\Temp
TEMP=C:\Users\MRC396~1.CHE\AppData\Local\Temp




Periodic native trim disabled

---------------  S Y S T E M  ---------------

OS:
 Windows 11 , 64 bit Build 26100 (10.0.26100.8328)
OS uptime: 1 days 6:41 hours

CPU: total 4 (initial active 4) (2 cores per cpu, 2 threads per core) family 6 model 142 stepping 12 microcode 0xfe, cx8, cmov, fxsr, ht, mmx, 3dnowpref, sse, sse2, sse3, ssse3, sse4.1, sse4.2, popcnt, lzcnt, tsc, tscinvbit, avx, avx2, aes, erms, clmul, bmi1, bmi2, adx, fma, vzeroupper, clflush, clflushopt, rdtscp, f16c
Processor Information for all 4 processors :
  Max Mhz: 2592, Current Mhz: 2093, Mhz Limit: 2073

Memory: 4k page, system-wide physical 3900M (278M free)
TotalPageFile size 15676M (AvailPageFile size 38M)
current process WorkingSet (physical memory assigned to process): 12M, peak: 12M
current process commit charge ("private bytes"): 51M, peak: 113M

vm_info: Java HotSpot(TM) 64-Bit Server VM (21.0.11+9-LTS-211) for windows-amd64 JRE (21.0.11+9-LTS-211), built on 2026-03-11T00:23:15Z by "mach5run" with MS VC++ 17.13 (VS2022)

END.
